[2026-05-08T23:05:24.109Z] SERVER_START: {"port":3001}
[2026-05-08T23:06:50.916Z] SERVER_START: {"port":3001}
[2026-05-09T00:07:57.960Z] UPLOAD: {"count":1}
[2026-05-09T00:08:05.736Z] COMPRESS: {"count":1,"quality":"85","format":"webp"}
[2026-05-09T00:08:06.518Z] SERVER_START: {"port":3001}
[2026-05-09T00:08:12.824Z] DOWNLOAD: {"zipName":"processed_images_ec9f7579-7300-4473-9c16-3df7f6b1c966.zip","fileCount":1}
[2026-05-09T00:09:29.688Z] CONVERT: {"count":1,"targetFormat":"webp"}
[2026-05-09T00:09:30.447Z] SERVER_START: {"port":3001}
[2026-05-09T00:09:44.572Z] DOWNLOAD: {"zipName":"processed_images_e6e3f918-52f3-4f85-9075-5322c9301494.zip","fileCount":1}
[2026-05-09T00:09:49.262Z] DOWNLOAD: {"zipName":"processed_images_4e42a95e-cfb4-462a-8adf-35cc95722920.zip","fileCount":1}
[2026-05-09T00:10:49.466Z] UPLOAD: {"count":1}
[2026-05-09T00:10:51.709Z] COMPRESS: {"count":1,"quality":80,"format":"webp"}
[2026-05-09T00:10:52.450Z] SERVER_START: {"port":3001}
[2026-05-09T00:10:54.193Z] DOWNLOAD: {"zipName":"processed_images_df69fcb2-7050-4e0e-a7b5-5a84bb7fc3ab.zip","fileCount":1}
[2026-05-09T00:11:03.527Z] CONVERT: {"count":1,"targetFormat":"avif"}
[2026-05-09T00:11:04.261Z] SERVER_START: {"port":3001}
[2026-05-09T00:11:28.942Z] CROP: {"count":1,"width":"100","height":"100"}
[2026-05-09T00:11:29.695Z] SERVER_START: {"port":3001}
[2026-05-09T00:16:31.227Z] SERVER_START: {"port":3001}
[2026-05-09T00:17:24.237Z] SERVER_START: {"port":3001}
[2026-05-09T00:22:40.500Z] UPLOAD: {"count":1}
[2026-05-09T00:22:42.939Z] SAVE_PROCESSED: {"count":1}
[2026-05-09T00:22:43.686Z] SERVER_START: {"port":3001}
[2026-05-09T00:23:37.505Z] DOWNLOAD: {"zipName":"processed_images_b40fed9a-3ad4-4274-b78f-9b2a7afa0432.zip","fileCount":1}
[2026-05-09T00:24:07.081Z] SAVE_PROCESSED: {"count":1}
[2026-05-09T00:24:07.863Z] SERVER_START: {"port":3001}
[2026-05-09T00:24:30.598Z] DOWNLOAD: {"zipName":"processed_images_bf5a35a5-cc75-4f2c-adc1-2ef113602f24.zip","fileCount":1}
[2026-05-09T00:29:59.613Z] SERVER_START: {"port":3001}
[2026-05-09T00:31:09.587Z] SERVER_START: {"port":3001}
[2026-05-09T00:32:28.826Z] SERVER_START: {"port":3001}
[2026-05-09T00:39:15.536Z] UPLOAD: {"count":1}
[2026-05-09T00:39:17.579Z] SAVE_PROCESSED: {"count":1}
[2026-05-09T00:39:18.343Z] SERVER_START: {"port":3001}
[2026-05-09T00:39:20.819Z] DOWNLOAD: {"zipName":"processed_images_00e000d6-2dd3-4abd-a501-556ca1f4c082.zip","fileCount":1}
[2026-05-09T00:40:07.320Z] SAVE_PROCESSED: {"count":1}
[2026-05-09T00:40:08.083Z] SERVER_START: {"port":3001}
[2026-05-09T00:40:23.409Z] DOWNLOAD: {"zipName":"processed_images_ce18020c-020f-462d-8d64-1231bfa4117b.zip","fileCount":1}
[2026-05-09T00:41:00.920Z] SAVE_PROCESSED: {"count":1}
[2026-05-09T00:41:01.678Z] SERVER_START: {"port":3001}
[2026-05-09T00:41:04.134Z] DOWNLOAD: {"zipName":"processed_images_0141ac93-0b80-4e19-8794-6f1274e62ecd.zip","fileCount":1}
[2026-05-09T00:41:38.173Z] SAVE_PROCESSED: {"count":1}
[2026-05-09T00:41:39.045Z] SERVER_START: {"port":3001}
[2026-05-09T00:49:33.793Z] SERVER_START: {"port":3001}
[2026-05-09T00:50:01.243Z] SERVER_START: {"port":3001}
[2026-05-09T00:55:39.068Z] SERVER_START: {"port":3001}
[2026-05-09T00:59:47.440Z] SERVER_START: {"port":3001}
[2026-05-09T01:11:54.186Z] SERVER_START: {"port":3001}
[2026-05-09T01:14:13.344Z] SERVER_START: {"port":3001}
[2026-05-09T01:19:39.309Z] SERVER_START: {"port":3001}
[2026-05-09T05:38:59.305Z] SERVER_START: {"port":3001}
[2026-05-09T05:39:18.506Z] UPLOAD: {"count":1}
[2026-05-09T05:39:25.478Z] SAVE_PROCESSED: {"count":1}
